02-24 19:17:31.701  1433  1433 I SehLight: lcd : 72+
02-24 19:17:31.702  1433  1433 I SehLight: lcd : 72-
02-24 19:17:31.709  1433  1433 I SehLight: lcd : 76+
02-24 19:17:31.710  1433  1433 I SehLight: lcd : 76-
02-24 19:17:31.718  1433  1433 I SehLight: lcd : 80+
02-24 19:17:31.718  1433  1433 I SehLight: lcd : 80-
02-24 19:17:31.726  1433  1433 I SehLight: lcd : 84+
02-24 19:17:31.730  1433  1433 I SehLight: lcd : 84-
02-24 19:17:31.734  1433  1433 I SehLight: lcd : 88+
02-24 19:17:31.735  1433  1433 I SehLight: lcd : 88-
02-24 19:17:31.742  1433  1433 I SehLight: lcd : 92+
02-24 19:17:31.744  1433  1433 I SehLight: lcd : 92-
02-24 19:17:31.751  1433  1433 I SehLight: lcd : 96+
02-24 19:17:31.751  1433  1433 I SehLight: lcd : 96-
02-24 19:17:31.759  1433  1433 I SehLight: lcd : 100+
02-24 19:17:31.760  1433  1433 I SehLight: lcd : 100-
02-24 19:17:31.767  1433  1433 I SehLight: lcd : 104+
02-24 19:17:31.771  1433  1433 I SehLight: lcd : 104-
02-24 19:17:31.776  1433  1433 I SehLight: lcd : 108+
02-24 19:17:31.777  1433  1433 I SehLight: lcd : 108-
02-24 19:17:31.784  1433  1433 I SehLight: lcd : 112+
02-24 19:17:31.785  1433  1433 I SehLight: lcd : 112-
02-24 19:17:31.793  1433  1433 I SehLight: lcd : 116+
02-24 19:17:31.794  1433  1433 I SehLight: lcd : 116-
02-24 19:17:31.801  1433  1433 I SehLight: lcd : 120+
02-24 19:17:31.802  1433  1433 I SehLight: lcd : 120-
02-24 19:17:31.810  1433  1433 I SehLight: lcd : 124+
02-24 19:17:31.815  1433  1433 I SehLight: lcd : 124-
02-24 19:17:31.818  1433  1433 I SehLight: lcd : 128+
02-24 19:17:31.819  1433  1433 I SehLight: lcd : 128-
02-24 19:17:31.826  1859  2002 D DisplayPowerController[0]: animateScreenStateChange: target=ON, mIsEnabled=true
02-24 19:17:31.826  1433  1433 I SehLight: lcd : 132+
02-24 19:17:31.826  1859  2002 D DisplayPowerController[0]: saveBrightnessInfo: brt:0.517647 adjBrt:0.517647 min:0.0 max:1.0 hbm:0 tp:1.0 throttler:0 isAnimating:false
02-24 19:17:31.827  1433  1433 I SehLight: lcd : 132-
02-24 19:17:31.828  1859  1965 D BrightnessSynchronizer: onDisplayChanged() : displayId=0
02-24 19:17:31.828  1859  1965 D BrightnessSynchronizer: updateScreenBrightness: displayId=0 type=2 mPreferredSettingValue=0.517647(132) currentBrightnessInt=132 currentBrightnessIntFromFloat=132(0.517647)
02-24 19:17:31.829  2638  2638 D SecBrightnessController: updateSlider() - BrightnessDialog resetTimer()
02-24 19:17:31.829  2638  2638 D SecBrightnessController: updateSlider() - BrightnessDialog resetTimer()
02-24 19:17:31.875  1859  1963 I GestureDetector: handleMessage TAP
02-24 19:17:31.889  1859  1859 I GestureDetector: handleMessage TAP
02-24 19:17:32.026  1859  2002 D DisplayManagerService: handleBrightnessAnimation: started=false
02-24 19:17:32.026  1859  2002 I RefreshRateTokenController: Removing refreshRateToken={ RefreshRateToken[->PassiveModeToken:BrightnessAnim, acquire at 302214849 (448 ms ago)}, caller=com.android.server.display.mode.RefreshRateToken.release:5 com.android.server.display.DisplayManagerService$$ExternalSyntheticLambda1.accept:405 com.android.server.display.DisplayPowerController$3.run:24 android.os.Handler.handleCallback:995 android.os.Handler.dispatchMessage:103 
02-24 19:17:32.070 17096 17105 W System  : A resource failed to call ZipFile.close. 
02-24 19:17:32.100  1859  2418 D UsbStatsMonitor: 0 0 0 0 0 0 0 0 0 0 0 0 3 0 0 0 0 0 0 0 0 0 0 0 0 0 0 0 0 0 0 0 0 0 0 0 0 0 0 0 0 0 0 0 0 0 0 0 0 0 0 0 0 26822070763546
02-24 19:17:32.175  1859  2444 I ChimeraPolicyHandler: onPsiMonitorTriggered() - psiLevel: 0
02-24 19:17:32.176  1859  2444 I ChimeraAggressivePolicyHandler: executePolicy() - triggerSource: TRIGGER_SOURCE_PSI_MEM_MONITOR
02-24 19:17:32.176  1859  2444 I ChimeraAggressivePolicyHandler: available memory: 1865460, free memory target: 1638400, quit chimera
02-24 19:17:32.298   716   716 D io_stats: !@   8,0 r 100923309 2872917132 w 18410803 275076848 d 5131826 274392976 f 0 0 iot 44593220 0 th 0 0 0 pt 0 inp 0 0 302215.569
02-24 19:17:32.299   716   716 D io_stats: !@ Read_top(KB): id.app.launcher(3146) 4068 system_server(1859) 3480 br.com.vivo(17096) 1812
02-24 19:17:32.299   716   716 D io_stats: !@ Write_top(KB): appmanager:auth(17599) 24 kworker/u16:4(9246) 12
02-24 19:17:32.583  4655  4655 I SDHMS:LOAD: type: LoadsFreqs, value: 12:0:0:583959:1248000:533000:638300:1352000:533000:0:0:0
02-24 19:17:32.649  1503  1532 E HeatmapThread: ECT Thread time in milliseconds: 1771971452
02-24 19:17:32.649  1503  1532 D HeatmapThread: !@ batteryplugType : 0
02-24 19:17:32.649  1503  1532 D HeatmapThread: !@ batteryLevel : 0  batteryTemperature : 0 
02-24 19:17:32.649  1503  1532 D HeatmapThread: !@ Heatmap currtime: 29532857
02-24 19:17:32.649  1503  1532 D HeatmapThread: !@ Heatmap prevtime: 29532836
02-24 19:17:32.649  1503  1532 D HeatmapThread: !@ Heatmap plugstarttime: 35791394
02-24 19:17:32.649  1503  1532 D HeatmapThread: !@ Heatmap prevv_dsoh_update_time: 29523661
02-24 19:17:32.650  1503  1532 E HeatmapThread: !@Could not open '/efs/FactoryApp/bsoh', errno = 13
02-24 19:17:32.650  1503  1532 E HeatmapThread: !@ CAM Could not access BSOH EFS
02-24 19:17:32.650  1503  1532 E HeatmapThread: !@ CAM New BSOH: 0
02-24 19:17:32.809 17096 17105 W System  : A resource failed to call ZipFile.close. 
02-24 19:17:32.810 17096 17105 W System  : A resource failed to call ZipFile.close. 
02-24 19:17:32.859  1859  2368 D WifiStaIfaceHidlImpl: getCachedScanData is not implemented by HIDL
02-24 19:17:32.880  2829  2829 I EPDG -- SIM0 [SMARTWIFI]: isProfiling, hash=140346209, started=true
02-24 19:17:32.880  2829  2829 I EPDG -- SIM0 [SMARTWIFI]: isProfiling, hash=140346209, started=true
02-24 19:17:32.881  1859  4204 D SemWifiUsabilityStatsMonitor: onWifiUsabilityStats - seqNum 45953, isSameBssidAndFreq true
02-24 19:17:32.882  1859  2467 I SemWifiLinkQualityMonitor: Link stat: 2122 / 251 / 1,05 (23) / 864 / -41.0 || 100.0 : 864,00 / 0.5 : 0,96 / 0.55 : 0,12 / G (G) || 837e14645180: 0,091 / 87,991 / N || N N / 0 0 / Y 2.0 / Y X 0 / 302216152 0 || Invalid
02-24 19:17:32.883  2829  2829 I EPDG -- SIM0 [SMARTWIFI]: Rssi : -41 highrange : -75 lowrange : -85 mIsRssiInHystersis : false
02-24 19:17:32.883  2829  2829 I EPDG -- SIM0 [SMARTWIFI]: Rssi : -41 highrange : -75 lowrange : -85 mIsRssiInHystersis : false
02-24 19:17:32.883  2829  2829 I EPDG -- SIM0 [SMARTWIFI]: getHandoverThresholdMet: value is: false
02-24 19:17:33.020  2616  2932 D SatelliteController: isInCarrierRoamingNbIotNtn: satellite is disabled
02-24 19:17:33.458  1859  2516 D NetdEventListenerService: DNS Requested by 237, 10667(com.alertakimobile), SUCCESS, 0ms
02-24 19:17:33.578 17096 17105 W System  : A resource failed to call ZipFile.close. 
02-24 19:17:33.649  1503  1532 E HeatmapThread: ECT Thread time in milliseconds: 1771971453
02-24 19:17:33.649  1503  1532 D HeatmapThread: !@ batteryplugType : 0
02-24 19:17:33.649  1503  1532 D HeatmapThread: !@ batteryLevel : 0  batteryTemperature : 0 
02-24 19:17:33.649  1503  1532 D HeatmapThread: !@ Heatmap currtime: 29532857
02-24 19:17:33.649  1503  1532 D HeatmapThread: !@ Heatmap prevtime: 29532836
02-24 19:17:33.649  1503  1532 D HeatmapThread: !@ Heatmap plugstarttime: 35791394
02-24 19:17:33.649  1503  1532 D HeatmapThread: !@ Heatmap prevv_dsoh_update_time: 29523661
02-24 19:17:33.649  1503  1532 E HeatmapThread: !@Could not open '/efs/FactoryApp/bsoh', errno = 13
02-24 19:17:33.649  1503  1532 E HeatmapThread: !@ CAM Could not access BSOH EFS
02-24 19:17:33.650  1503  1532 E HeatmapThread: !@ CAM New BSOH: 0
02-24 19:17:34.302   716   716 D io_stats: !@   8,0 r 100923634 2872926096 w 18410807 275076872 d 5131826 274392976 f 0 0 iot 44593420 0 th 0 0 0 pt 0 inp 0 0 302217.573
02-24 19:17:34.355 17096 17105 W System  : A resource failed to call ZipFile.close. 
02-24 19:17:34.356 17096 17105 W System  : A resource failed to call ZipFile.close. 
02-24 19:17:34.576  1859  2002 D PowerManagerService: UserActivityStateListenerState: 0
02-24 19:17:34.649  1503  1532 E HeatmapThread: ECT Thread time in milliseconds: 1771971454
02-24 19:17:34.649  1503  1532 D HeatmapThread: !@ batteryplugType : 0
02-24 19:17:34.649  1503  1532 D HeatmapThread: !@ batteryLevel : 0  batteryTemperature : 0 
02-24 19:17:34.649  1503  1532 D HeatmapThread: !@ Heatmap currtime: 29532857
02-24 19:17:34.649  1503  1532 D HeatmapThread: !@ Heatmap prevtime: 29532836
02-24 19:17:34.649  1503  1532 D HeatmapThread: !@ Heatmap plugstarttime: 35791394
02-24 19:17:34.650  1503  1532 D HeatmapThread: !@ Heatmap prevv_dsoh_update_time: 29523661
02-24 19:17:34.650  1503  1532 E HeatmapThread: !@Could not open '/efs/FactoryApp/bsoh', errno = 13
02-24 19:17:34.650  1503  1532 E HeatmapThread: !@ CAM Could not access BSOH EFS
02-24 19:17:34.650  1503  1532 E HeatmapThread: !@ CAM New BSOH: 0
02-24 19:17:34.734  1859  2465 I SemWifiServiceDetector: NSD results: [0, 1, 0, 1, 0, 0, 2, 0, 0] Traff. type 1 Thr 0
02-24 19:17:34.736  1859  2472 D SemWifiOptimizer: enable=1 state=0x10 prev=0x00 new=0x10 force=0 mode=2
02-24 19:17:34.804  2616  3143 D PhoneInterfaceManager: setDataEnabledForReason() Reason=1 Pid=1859 App=system
02-24 19:17:34.806  2616  3143 D PhoneInterfaceManager: setDataEnabledForReason() Reason=1 Pid=1859 App=system
02-24 19:17:35.119 17096 17105 W System  : A resource failed to call ZipFile.close. 
02-24 19:17:35.121 17096 17105 W System  : A resource failed to call ZipFile.close. 
02-24 19:17:35.203  1494  1647 I EDEN    : [Exynos][EDEN][v1.6.23][SERVICE] processAliveMointorMain:253: Try to check pid=(1444)...
02-24 19:17:35.252   668   668 I lmkd    : 0(delay), 50(swap), 24(freelimit), 0(reentrymode) memory pressure events were skipped after a kill!
02-24 19:17:35.475  1859  2516 D NetdEventListenerService: DNS Requested by 237, 10667(com.alertakimobile), SUCCESS, 1ms
02-24 19:17:35.649  1503  1532 E HeatmapThread: ECT Thread time in milliseconds: 1771971455
02-24 19:17:35.649  1503  1532 D HeatmapThread: !@ batteryplugType : 0
02-24 19:17:35.649  1503  1532 D HeatmapThread: !@ batteryLevel : 0  batteryTemperature : 0 
02-24 19:17:35.649  1503  1532 D HeatmapThread: !@ Heatmap currtime: 29532857
02-24 19:17:35.649  1503  1532 D HeatmapThread: !@ Heatmap prevtime: 29532836
02-24 19:17:35.649  1503  1532 D HeatmapThread: !@ Heatmap plugstarttime: 35791394
02-24 19:17:35.649  1503  1532 D HeatmapThread: !@ Heatmap prevv_dsoh_update_time: 29523661
02-24 19:17:35.649  1503  1532 E HeatmapThread: !@Could not open '/efs/FactoryApp/bsoh', errno = 13
02-24 19:17:35.650  1503  1532 E HeatmapThread: !@ CAM Could not access BSOH EFS
02-24 19:17:35.650  1503  1532 E HeatmapThread: !@ CAM New BSOH: 0
02-24 19:17:35.911  1859  2368 D WifiStaIfaceHidlImpl: getCachedScanData is not implemented by HIDL
02-24 19:17:35.912 17096 17105 W System  : A resource failed to call ZipFile.close. 
02-24 19:17:35.928  1859  4204 D SemWifiUsabilityStatsMonitor: onWifiUsabilityStats - seqNum 45954, isSameBssidAndFreq true
02-24 19:17:35.930  2829  2829 I EPDG -- SIM0 [SMARTWIFI]: isProfiling, hash=140346209, started=true
02-24 19:17:35.930  2829  2829 I EPDG -- SIM0 [SMARTWIFI]: isProfiling, hash=140346209, started=true
02-24 19:17:35.931  1859  2467 I SemWifiLinkQualityMonitor: Link stat: 1706 / 227 / 3,40 (3268) / 864 / -38.0 || 100.0 : 864,00 / 0.5 : 0,29 / G (B) || 837e14645180: 0,609 / 13,133 / N || N N / 0 0 / Y 2.0 / Y X 0 / 302219201 0 || Invalid
02-24 19:17:35.932  2829  2829 I EPDG -- SIM0 [SMARTWIFI]: Rssi : -38 highrange : -75 lowrange : -85 mIsRssiInHystersis : false
02-24 19:17:35.932  2829  2829 I EPDG -- SIM0 [SMARTWIFI]: Rssi : -38 highrange : -75 lowrange : -85 mIsRssiInHystersis : false
02-24 19:17:35.932  2829  2829 I EPDG -- SIM0 [SMARTWIFI]: getHandoverThresholdMet: value is: false
02-24 19:17:36.306   716   716 D io_stats: !@   8,0 r 100923703 2872928088 w 18410813 275077008 d 5131826 274392976 f 0 0 iot 44593532 0 th 0 0 0 pt 0 inp 0 0 302219.577
02-24 19:17:36.307   716   716 D io_stats: !@ Read_top(KB): .android.chrome(12816) 7168 br.com.vivo(17096) 3788
02-24 19:17:36.307   716   716 D io_stats: !@ Write_top(KB): system_server(1859) 136 kworker/u16:5(11107) 24
02-24 19:17:36.649  1503  1532 E HeatmapThread: ECT Thread time in milliseconds: 1771971456
02-24 19:17:36.649  1503  1532 D HeatmapThread: !@ batteryplugType : 0
02-24 19:17:36.649  1503  1532 D HeatmapThread: !@ batteryLevel : 0  batteryTemperature : 0 
02-24 19:17:36.649  1503  1532 D HeatmapThread: !@ Heatmap currtime: 29532857
02-24 19:17:36.649  1503  1532 D HeatmapThread: !@ Heatmap prevtime: 29532836
02-24 19:17:36.649  1503  1532 D HeatmapThread: !@ Heatmap plugstarttime: 35791394
02-24 19:17:36.649  1503  1532 D HeatmapThread: !@ Heatmap prevv_dsoh_update_time: 29523661
02-24 19:17:36.650  1503  1532 E HeatmapThread: !@Could not open '/efs/FactoryApp/bsoh', errno = 13
02-24 19:17:36.650  1503  1532 E HeatmapThread: !@ CAM Could not access BSOH EFS
02-24 19:17:36.650  1503  1532 E HeatmapThread: !@ CAM New BSOH: 0
02-24 19:17:36.693 17096 17105 W System  : A resource failed to call ZipFile.close. 
02-24 19:17:36.693 17096 17105 W System  : A resource failed to call ZipFile.close. 
02-24 19:17:36.921  1859  2516 D NetdEventListenerService: DNS Requested by 237, 10410(com.azure.authenticator), 4(FAIL), isBlocked=true, 0ms
02-24 19:17:36.926  1859  1969 E Watchdog: !@Sync: 10066 heap(MB): 197 / 217 FD: 1357 [2026-02-24 19:17:36.926]
02-24 19:17:37.491  1859  2516 D NetdEventListenerService: DNS Requested by 237, 10667(com.alertakimobile), SUCCESS, 0ms
02-24 19:17:37.506 17096 17105 W System  : A resource failed to call ZipFile.close. 
02-24 19:17:37.507 17096 17105 W System  : A resource failed to call ZipFile.close. 
02-24 19:17:37.649  1503  1532 E HeatmapThread: ECT Thread time in milliseconds: 1771971457
02-24 19:17:37.649  1503  1532 D HeatmapThread: !@ batteryplugType : 0
02-24 19:17:37.649  1503  1532 D HeatmapThread: !@ batteryLevel : 0  batteryTemperature : 0 
02-24 19:17:37.649  1503  1532 D HeatmapThread: !@ Heatmap currtime: 29532857
02-24 19:17:37.649  1503  1532 D HeatmapThread: !@ Heatmap prevtime: 29532836
02-24 19:17:37.649  1503  1532 D HeatmapThread: !@ Heatmap plugstarttime: 35791394
02-24 19:17:37.649  1503  1532 D HeatmapThread: !@ Heatmap prevv_dsoh_update_time: 29523661
02-24 19:17:37.649  1503  1532 E HeatmapThread: !@Could not open '/efs/FactoryApp/bsoh', errno = 13
02-24 19:17:37.650  1503  1532 E HeatmapThread: !@ CAM Could not access BSOH EFS
02-24 19:17:37.650  1503  1532 E HeatmapThread: !@ CAM New BSOH: 0
02-24 19:17:37.755  1859  2465 I SemWifiServiceDetector: NSD results: [0, 1, 2, 0, 0, 0, 2, 0, 0] Traff. type 1 Thr 4
02-24 19:17:37.758  1859  2472 D SemWifiOptimizer: enable=0 state=0x10 prev=0x10 new=0x00 force=0 mode=0
02-24 19:17:38.288 17096 17105 W System  : A resource failed to call ZipFile.close. 
02-24 19:17:38.310   716   716 D io_stats: !@   8,0 r 100923747 2872929072 w 18410825 275077044 d 5131826 274392976 f 0 0 iot 44593612 0 th 0 0 0 pt 0 inp 0 0 302221.581
02-24 19:17:38.649  1503  1532 E HeatmapThread: ECT Thread time in milliseconds: 1771971458
02-24 19:17:38.649  1503  1532 D HeatmapThread: !@ batteryplugType : 0
02-24 19:17:38.649  1503  1532 D HeatmapThread: !@ batteryLevel : 0  batteryTemperature : 0 
02-24 19:17:38.649  1503  1532 D HeatmapThread: !@ Heatmap currtime: 29532857
02-24 19:17:38.649  1503  1532 D HeatmapThread: !@ Heatmap prevtime: 29532836
02-24 19:17:38.649  1503  1532 D HeatmapThread: !@ Heatmap plugstarttime: 35791394
02-24 19:17:38.649  1503  1532 D HeatmapThread: !@ Heatmap prevv_dsoh_update_time: 29523661
02-24 19:17:38.650  1503  1532 E HeatmapThread: !@Could not open '/efs/FactoryApp/bsoh', errno = 13
02-24 19:17:38.650  1503  1532 E HeatmapThread: !@ CAM Could not access BSOH EFS
02-24 19:17:38.650  1503  1532 E HeatmapThread: !@ CAM New BSOH: 0
02-24 19:17:38.962  1859  2368 D WifiStaIfaceHidlImpl: getCachedScanData is not implemented by HIDL
02-24 19:17:38.982  2829  2829 I EPDG -- SIM0 [SMARTWIFI]: isProfiling, hash=140346209, started=true
02-24 19:17:38.982  2829  2829 I EPDG -- SIM0 [SMARTWIFI]: isProfiling, hash=140346209, started=true
02-24 19:17:38.982  1859  4204 D SemWifiUsabilityStatsMonitor: onWifiUsabilityStats - seqNum 45955, isSameBssidAndFreq true
02-24 19:17:38.984  2829  2829 I EPDG -- SIM0 [SMARTWIFI]: Rssi : -46 highrange : -75 lowrange : -85 mIsRssiInHystersis : false
02-24 19:17:38.984  2829  2829 I EPDG -- SIM0 [SMARTWIFI]: Rssi : -46 highrange : -75 lowrange : -85 mIsRssiInHystersis : false
02-24 19:17:38.984  2829  2829 I EPDG -- SIM0 [SMARTWIFI]: getHandoverThresholdMet: value is: false
02-24 19:17:38.985  1859  2467 I SemWifiLinkQualityMonitor: Link stat: 2415 / 199 / 1,00 (38) / 864 / -46.0 || 100.0 : 864,00 / 0.5 : 1,00 / 0.55 : 0,08 / G (G) || 837e14645180: 0,088 / 91,194 / N || N N / 0 0 / Y 2.0 / Y X 0 / 302222255 0 || Invalid
02-24 19:17:39.033 17096 17105 W System  : A resource failed to call ZipFile.close. 
02-24 19:17:39.033 17096 17105 W System  : A resource failed to call ZipFile.close. 
02-24 19:17:39.513  1859  2516 D NetdEventListenerService: DNS Requested by 237, 10667(com.alertakimobile), SUCCESS, 1ms
02-24 19:17:39.649  1503  1532 E HeatmapThread: ECT Thread time in milliseconds: 1771971459
02-24 19:17:39.649  1503  1532 D HeatmapThread: !@ batteryplugType : 0
02-24 19:17:39.649  1503  1532 D HeatmapThread: !@ batteryLevel : 0  batteryTemperature : 0 
02-24 19:17:39.649  1503  1532 D HeatmapThread: !@ Heatmap currtime: 29532857
02-24 19:17:39.649  1503  1532 D HeatmapThread: !@ Heatmap prevtime: 29532836
02-24 19:17:39.649  1503  1532 D HeatmapThread: !@ Heatmap plugstarttime: 35791394
02-24 19:17:39.649  1503  1532 D HeatmapThread: !@ Heatmap prevv_dsoh_update_time: 29523661
02-24 19:17:39.650  1503  1532 E HeatmapThread: !@Could not open '/efs/FactoryApp/bsoh', errno = 13
02-24 19:17:39.650  1503  1532 E HeatmapThread: !@ CAM Could not access BSOH EFS
02-24 19:17:39.650  1503  1532 E HeatmapThread: !@ CAM New BSOH: 0
02-24 19:17:39.839  4655  5559 I SDHMS:x : SIOP:: AP:397 BAT:381 USB:364 CHG:377 PA:403 CP:396 WIFI:403 CF:389 BLK:0 SUBBAT:0 SKIN:381 SKINF:371 SKINB:380 LRP:380 LRP2:381 LRF:371 LRB:380 LRF2:373 LRB2:381 AP2:381 CHG2:377 WIFI2:377 RCV2:373 SPK2:357 FCAM:365 UPSPK:391 DNSPK:366 VAP:402 AVGCUR:-9 AVGSYS:362 POWER:-38
02-24 19:17:39.843 17096 17105 W System  : A resource failed to call ZipFile.close. 
02-24 19:17:39.861  1859  4785 W ParceledListSlice: Element #170 is 22992 bytes.
02-24 19:17:39.861  1859  4785 W ParceledListSlice: Overly large reply size: 85228
02-24 19:17:39.895  1859  4785 W ParceledListSlice: Element #458 is 18332 bytes.
02-24 19:17:39.903 19907 19907 I wpa_supplicant: Heartbeat 898
02-24 19:17:40.204  1494  1647 I EDEN    : [Exynos][EDEN][v1.6.23][SERVICE] processAliveMointorMain:253: Try to check pid=(1444)...
02-24 19:17:40.311   716   716 D io_stats: !@   8,0 r 100924087 2872967536 w 18410827 275077060 d 5131826 274392976 f 0 0 iot 44594396 0 th 0 0 0 pt 0 inp 0 0 302223.582
02-24 19:17:40.311   716   716 D io_stats: !@ Read_top(KB): br.com.vivo(17096) 39320 martsuggestions(4555) 128
02-24 19:17:40.311   716   716 D io_stats: !@ Write_top(KB): soft.appmanager(11938) 24 kworker/u16:4(9246) 16
02-24 19:17:40.649  1503  1532 E HeatmapThread: ECT Thread time in milliseconds: 1771971460
02-24 19:17:40.649  1503  1532 D HeatmapThread: !@ batteryplugType : 0
02-24 19:17:40.649  1503  1532 D HeatmapThread: !@ batteryLevel : 0  batteryTemperature : 0 
02-24 19:17:40.649  1503  1532 D HeatmapThread: !@ Heatmap currtime: 29532857
02-24 19:17:40.649  1503  1532 D HeatmapThread: !@ Heatmap prevtime: 29532836
02-24 19:17:40.649  1503  1532 D HeatmapThread: !@ Heatmap plugstarttime: 35791394
02-24 19:17:40.649  1503  1532 D HeatmapThread: !@ Heatmap prevv_dsoh_update_time: 29523661
02-24 19:17:40.649  1503  1532 E HeatmapThread: !@Could not open '/efs/FactoryApp/bsoh', errno = 13
02-24 19:17:40.649  1503  1532 E HeatmapThread: !@ CAM Could not access BSOH EFS
02-24 19:17:40.649  1503  1532 E HeatmapThread: !@ CAM New BSOH: 0
02-24 19:17:41.042  1399  1399 I android.hardware.health@2.1-service-samsung: updateLrpSysfs: write: 381
02-24 19:17:41.525  1859  2516 D NetdEventListenerService: DNS Requested by 237, 10667(com.alertakimobile), SUCCESS, 0ms
02-24 19:17:41.618  1859  2444 I ChimeraPolicyHandler: onPsiMonitorTriggered() - psiLevel: 0
02-24 19:17:41.618  1859  2444 I ChimeraAggressivePolicyHandler: executePolicy() - triggerSource: TRIGGER_SOURCE_PSI_MEM_MONITOR
02-24 19:17:41.619  1859  2444 I ChimeraAggressivePolicyHandler: available memory: 1886824, free memory target: 1638400, quit chimera
02-24 19:17:41.648  1503  1532 E HeatmapThread: ECT Thread time in milliseconds: 1771971461
02-24 19:17:41.648  1503  1532 D HeatmapThread: !@ batteryplugType : 0
02-24 19:17:41.648  1503  1532 D HeatmapThread: !@ batteryLevel : 0  batteryTemperature : 0 
02-24 19:17:41.649  1503  1532 D HeatmapThread: !@ Heatmap currtime: 29532857
02-24 19:17:41.649  1503  1532 D HeatmapThread: !@ Heatmap prevtime: 29532836
02-24 19:17:41.649  1503  1532 D HeatmapThread: !@ Heatmap plugstarttime: 35791394
02-24 19:17:41.649  1503  1532 D HeatmapThread: !@ Heatmap prevv_dsoh_update_time: 29523661
02-24 19:17:41.649  1503  1532 E HeatmapThread: !@Could not open '/efs/FactoryApp/bsoh', errno = 13
02-24 19:17:41.649  1503  1532 E HeatmapThread: !@ CAM Could not access BSOH EFS
02-24 19:17:41.649  1503  1532 E HeatmapThread: !@ CAM New BSOH: 0
02-24 19:17:41.692  1859  2136 I ActivityManager: Changes in 10247 19 to 8, 0 to 128
02-24 19:17:41.700  1859  2136 I ActivityManager: Changes in 10329 19 to 8, 0 to 128
02-24 19:17:41.702 17097 17097 I OutlookAppComponentFactory: instantiateService, com.google.android.datatransport.runtime.scheduling.jobscheduling.JobInfoSchedulerService
02-24 19:17:41.702  1859  2136 W JobServiceContext: Sending onNetworkChanged for a job that isn't started. JobStatus{b06cafc #u0a247/-1371219540 com.google.android.as.oss/com.google.android.gms.learning.internal.training.InAppJobService u=0 s=10247 TIME=-35s803ms:none NET CHARGING PERSISTED READY}
02-24 19:17:41.702  1859  2136 W JobServiceContext: Sending onNetworkChanged for a job that isn't started. JobStatus{417c1da #u0a247/-1838665603 com.google.android.as.oss/com.google.android.gms.learning.internal.training.InAppJobService u=0 s=10247 TIME=-11s135ms:none NET CHARGING PERSISTED READY}
02-24 19:17:41.703  1859  2136 W JobServiceContext: Sending onNetworkChanged for a job that isn't started. JobStatus{8a6f062 #u0a329/-1397020546 com.microsoft.office.outlook/com.google.android.datatransport.runtime.scheduling.jobscheduling.JobInfoSchedulerService u=0 s=10329 TIME=-5s909ms:none NET READY}
02-24 19:17:41.706  1859  2341 D SyncManager: userId - 0 auto - true
02-24 19:17:41.707  1859  2442 D BackgroundInstallControlService: Package event received: 0
02-24 19:17:41.711  1859  1859 W JobScheduler: Job didn't exist in JobStore: 2e880b5 {SyncManager} #1000/494 @SyncManager@com.android.contacts/com.google:android
02-24 19:17:41.715  1859  4785 W JobScheduler: Job didn't exist in JobStore: b06cafc #u0a247/-1371219540 com.google.android.as.oss/com.google.android.gms.learning.internal.training.InAppJobService
02-24 19:17:41.726  1859  4785 I ActivityManager: Changes in 10247 8 to 10, 128 to 0
02-24 19:17:41.726  1859  4785 W JobScheduler: Job didn't exist in JobStore: 417c1da #u0a247/-1838665603 com.google.android.as.oss/com.google.android.gms.learning.internal.training.InAppJobService
02-24 19:17:41.731  1859  2770 I ActivityManager: Changes in 10055 19 to 8, 0 to 128
02-24 19:17:41.733 28707 17938 I FSA2_GmsContactsSyncAdapter: @onPerformSync
02-24 19:17:41.733 28707 17938 W FSA2_ContactsSyncAdapter: @onPerformSync Sync started
02-24 19:17:41.737 17097 17854 I TRuntime.CctTransportBackend: Making request to: https://firebaselogging.googleapis.com/v0cc/log/batch?format=json_proto3
02-24 19:17:41.743 28707 17938 W ChimeraUtils: Module com.google.android.gms.people missing resource null(0)
02-24 19:17:41.763 28707 17938 I People_AppSearchUtilities: Using PlatformStorage API
02-24 19:17:41.765 28707 17938 I CpgSchemaBuilder: Creating session
02-24 19:17:41.768 28707 17938 W People_AppSearchUtilities: getSignature failed for package com.google.android.dialer
02-24 19:17:41.768 28707 17938 I CpgSchemaBuilder: CPG schemas visible to supported apps, build skipped.
02-24 19:17:41.778 28707 17938 I FSA2_FirstFullSyncsDetector: First full syncs finished before.
02-24 19:17:41.780 28707 17938 W ChimeraUtils: Module com.google.android.gms.people missing resource null(0)
02-24 19:17:41.800 28707 17938 I FSA2_SyncState: @readSyncState: # eqwq@5d7b0f4
02-24 19:17:41.805 28707 17938 I FSA2_SyncState: @readSyncState: # eqwq@5d7b0f4
02-24 19:17:41.818  1859  2516 D NetdEventListenerService: DNS Requested by 237, 10329(com.microsoft.office.outlook), SUCCESS, 76ms
02-24 19:17:41.856 28707 17938 I FSA2_RawContactSyncer: Before sync, callingCardsWithOnlyMetadataCount: 0, callingCardsWithOnlyPhotoCount: 0, callingCardsWithBothMetadataAndPhotoCount: 0
02-24 19:17:41.862 28707 17938 I FSA2_SyncState: @readSyncState: # eqwq@5d7b0f4
02-24 19:17:41.901 28707 17938 I FSA2_SyncState: @readSyncState: # eqwq@5d7b0f4
02-24 19:17:41.919 28707 17938 I FSA2_RawContactSyncer: Found 0 contacts with unsynced calling cards
02-24 19:17:41.925 28707 17938 I FSA2_SyncState: @readSyncState: # eqwq@5d7b0f4
02-24 19:17:41.979 28707 17938 I FSA2_CallingCardOp: No calling card photos to sync up.
02-24 19:17:41.986 28707 17938 I FSA2_PhotoSyncer: After CC photo sync up, callingCardsWithOnlyMetadataCount: 0, callingCardsWithOnlyPhotoCount: 0, callingCardsWithBothMetadataAndPhotoCount: 0
02-24 19:17:41.990 17097 17854 I TRuntime.CctTransportBackend: Status Code: 200
02-24 19:17:42.004  1859  4785 I ActivityManager: Changes in 10329 8 to 10, 128 to 0
02-24 19:17:42.005  1859  2368 D WifiStaIfaceHidlImpl: getCachedScanData is not implemented by HIDL
02-24 19:17:42.006 28709 30898 I FacsCacheGmsModule: (REDACTED) Receiving API connection to FACS API from package '%s'...
02-24 19:17:42.009  1859  2770 I ActivityManager: Changes in 10055 8 to 5, 128 to 144
02-24 19:17:42.011  1859  2442 D BackgroundInstallControlService: Package event received: 0
02-24 19:17:42.011  1859  2442 D BackgroundInstallControlService: Package event received: 0
02-24 19:17:42.011  1859  2442 D BackgroundInstallControlService: Package event received: 0
02-24 19:17:42.011  1859  2442 D BackgroundInstallControlService: Package event received: 0
02-24 19:17:42.011  1859  2442 D BackgroundInstallControlService: Package event received: 0
02-24 19:17:42.011 28707 28707 D BoundBrokerSvc: onBind: Intent { act=com.google.android.gms.facs.internal.service.START dat=chimera-action:/... xflg=0x4 cmp=com.google.android.gms/.chimera.GmsInternalApiService }
02-24 19:17:42.011 28707 28707 D BoundBrokerSvc: Loading bound service for intent: Intent { act=com.google.android.gms.facs.internal.service.START dat=chimera-action:/... xflg=0x4 cmp=com.google.android.gms/.chimera.GmsInternalApiService }
02-24 19:17:42.013 28709 30898 I FacsCacheGmsModule: API connection successful!
02-24 19:17:42.014 28709 29336 I FacsCacheGmsModule: (REDACTED) Received 'getActivityControlsSettings' request from package '%s', instance id '%s', version '%d'...
02-24 19:17:42.014 28709 29336 I FacsCacheGmsModule: Operation 'getActivityControlsSettings' dispatched!
02-24 19:17:42.014 28709 16218 I FacsCacheGmsModule: (REDACTED) Executing operation '%s'...
02-24 19:17:42.014 17097 17097 D AppCenterCrashes: The memory running level (40) was saved.
02-24 19:17:42.015 28707 29592 I FacsCacheGmsModule: Receiving API connection to internal FACS API...
02-24 19:17:42.015 28707 29592 I FacsCacheGmsModule: API connection successful!
02-24 19:17:42.016 17097 17871 I ReactNativeJNI: Memory warning (pressure level: TRIM_MEMORY_BACKGROUND) received by JS VM, running a GC
02-24 19:17:42.018 28709 16218 I FacsCacheGmsModule: (REDACTED) Operation '%s' successful!
02-24 19:17:42.022  1859  4204 D SemWifiUsabilityStatsMonitor: onWifiUsabilityStats - seqNum 45956, isSameBssidAndFreq true
02-24 19:17:42.023  2829  2829 I EPDG -- SIM0 [SMARTWIFI]: isProfiling, hash=140346209, started=true
02-24 19:17:42.023  2829  2829 I EPDG -- SIM0 [SMARTWIFI]: isProfiling, hash=140346209, started=true
02-24 19:17:42.024  2829  2829 I EPDG -- SIM0 [SMARTWIFI]: Rssi : -47 highrange : -75 lowrange : -85 mIsRssiInHystersis : false
02-24 19:17:42.024  2829  2829 I EPDG -- SIM0 [SMARTWIFI]: Rssi : -47 highrange : -75 lowrange : -85 mIsRssiInHystersis : false
02-24 19:17:42.024  2829  2829 I EPDG -- SIM0 [SMARTWIFI]: getHandoverThresholdMet: value is: false
02-24 19:17:42.024 28707 17938 I FSA2_RawContactSyncer: contact count. before sweep: -1, before sync: 0, after sync down: -1, after sync up: 0
02-24 19:17:42.024 28707 17938 W FSA2_ContactsSyncAdapter: @onPerformSync Sync finished successfully
02-24 19:17:42.034  1859  2770 D SyncManager: userId - 0 auto - true
02-24 19:17:42.035 28707 17938 W ChimeraUtils: Module com.google.android.gms.people missing resource null(0)
02-24 19:17:42.036 28707 17938 W ChimeraUtils: Module com.google.android.gms.people missing resource null(0)
02-24 19:17:42.312   716   716 D io_stats: !@   8,0 r 100924717 2873032916 w 18410974 275077688 d 5131826 274392976 f 0 0 iot 44595692 0 th 0 0 0 pt 0 inp 0 0 302225.583
02-24 19:17:42.384 17096 17105 W System  : A resource failed to call ZipFile.close. 
02-24 19:17:42.385 17096 17105 W System  : A resource failed to call ZipFile.close. 
02-24 19:17:42.649  1503  1532 E HeatmapThread: ECT Thread time in milliseconds: 1771971462
02-24 19:17:42.649  1503  1532 D HeatmapThread: !@ batteryplugType : 0
02-24 19:17:42.649  1503  1532 D HeatmapThread: !@ batteryLevel : 0  batteryTemperature : 0 
02-24 19:17:42.649  1503  1532 D HeatmapThread: !@ Heatmap currtime: 29532857
02-24 19:17:42.649  1503  1532 D HeatmapThread: !@ Heatmap prevtime: 29532836
02-24 19:17:42.649  1503  1532 D HeatmapThread: !@ Heatmap plugstarttime: 35791394
02-24 19:17:42.649  1503  1532 D HeatmapThread: !@ Heatmap prevv_dsoh_update_time: 29523661
02-24 19:17:42.650  1503  1532 E HeatmapThread: !@Could not open '/efs/FactoryApp/bsoh', errno = 13
02-24 19:17:42.650  1503  1532 E HeatmapThread: !@ CAM Could not access BSOH EFS
02-24 19:17:42.650  1503  1532 E HeatmapThread: !@ CAM New BSOH: 0
02-24 19:17:42.689  4655  4655 I SDHMS:LOAD: type: LoadsFreqs, value: 10:0:0:696800:1352000:533000:726699:1352000:533000:0:0:0
02-24 19:17:42.758 28709 28709 D BoundBrokerSvc: onRebind: Intent { act=com.google.android.gms.libs.gmscorelogger.service.START dat=chimera-action:/... xflg=0x4 cmp=com.google.android.gms/.chimera.PersistentDirectBootAwareApiService }
02-24 19:17:43.205 17096 17105 W System  : A resource failed to call ZipFile.close. 
02-24 19:17:43.206 17096 17105 W System  : A resource failed to call ZipFile.close. 
02-24 19:17:43.302 28362 29672 V ClearcutMetricXmitter: Transmission is done.
02-24 19:17:43.533  1859  2516 D NetdEventListenerService: DNS Requested by 237, 10667(com.alertakimobile), SUCCESS, 0ms
02-24 19:17:43.649  1503  1532 E HeatmapThread: ECT Thread time in milliseconds: 1771971463
02-24 19:17:43.649  1503  1532 D HeatmapThread: !@ batteryplugType : 0
02-24 19:17:43.649  1503  1532 D HeatmapThread: !@ batteryLevel : 0  batteryTemperature : 0 
02-24 19:17:43.649  1503  1532 D HeatmapThread: !@ Heatmap currtime: 29532857
02-24 19:17:43.649  1503  1532 D HeatmapThread: !@ Heatmap prevtime: 29532836
02-24 19:17:43.649  1503  1532 D HeatmapThread: !@ Heatmap plugstarttime: 35791394
02-24 19:17:43.649  1503  1532 D HeatmapThread: !@ Heatmap prevv_dsoh_update_time: 29523661
02-24 19:17:43.649  1503  1532 E HeatmapThread: !@Could not open '/efs/FactoryApp/bsoh', errno = 13
02-24 19:17:43.649  1503  1532 E HeatmapThread: !@ CAM Could not access BSOH EFS
02-24 19:17:43.649  1503  1532 E HeatmapThread: !@ CAM New BSOH: 0
02-24 19:17:43.991 17096 17105 W System  : A resource failed to call ZipFile.close. 
02-24 19:17:44.315   716   716 D io_stats: !@   8,0 r 100925468 2873045048 w 18410980 275077784 d 5131826 274392976 f 0 0 iot 44595968 0 th 0 0 0 pt 0 inp 0 0 302227.586
02-24 19:17:44.316   716   716 D io_stats: !@ Read_top(KB): br.com.vivo(17096) 65672 hbox:interactor(28362) 9556 .gms.persistent(28709) 1544
02-24 19:17:44.316   716   716 D io_stats: !@ Write_top(KB): gle.android.gms(28707) 164 system_server(1859) 96 .office.outlook(17097) 44
02-24 19:17:44.649  1503  1532 E HeatmapThread: ECT Thread time in milliseconds: 1771971464
02-24 19:17:44.649  1503  1532 D HeatmapThread: !@ batteryplugType : 0
02-24 19:17:44.649  1503  1532 D HeatmapThread: !@ batteryLevel : 0  batteryTemperature : 0 
02-24 19:17:44.649  1503  1532 D HeatmapThread: !@ Heatmap currtime: 29532857
02-24 19:17:44.649  1503  1532 D HeatmapThread: !@ Heatmap prevtime: 29532836
02-24 19:17:44.649  1503  1532 D HeatmapThread: !@ Heatmap plugstarttime: 35791394
02-24 19:17:44.649  1503  1532 D HeatmapThread: !@ Heatmap prevv_dsoh_update_time: 29523661
02-24 19:17:44.649  1503  1532 E HeatmapThread: !@Could not open '/efs/FactoryApp/bsoh', errno = 13
02-24 19:17:44.650  1503  1532 E HeatmapThread: !@ CAM Could not access BSOH EFS
02-24 19:17:44.650  1503  1532 E HeatmapThread: !@ CAM New BSOH: 0
02-24 19:17:44.691  1512  1512 I SurfaceFlinger: SFWD update time=302227962216249
02-24 19:17:44.781 17096 17105 W System  : A resource failed to call ZipFile.close. 
02-24 19:17:44.782 17096 17105 W System  : A resource failed to call ZipFile.close. 
02-24 19:17:44.946  1859  1987 D BatteryExternalStatsWorker: update stats : procstate-change (10)
02-24 19:17:44.947  1859  1987 D BatteryExternalStatsWorker: Fetch WiFi data
02-24 19:17:44.947  1859  1987 D BatteryExternalStatsWorker: Update Rail Energy data
02-24 19:17:44.996  1859  2368 D WifiStaIfaceHidlImpl: getCachedScanData is not implemented by HIDL
02-24 19:17:44.998  1859  1987 D BatteryExternalStatsWorker: mStats lock released
02-24 19:17:45.013  1859  1987 D BatteryExternalStatsWorker: Update wifi state
02-24 19:17:45.013  1859  1987 D BatteryExternalStatsWorker: done updateExternalStatsLocked
02-24 19:17:45.079  1859  2368 D WifiStaIfaceHidlImpl: getCachedScanData is not implemented by HIDL
02-24 19:17:45.140  1859  4204 D SemWifiUsabilityStatsMonitor: onWifiUsabilityStats - seqNum 45957, isSameBssidAndFreq true
02-24 19:17:45.141  2829  2829 I EPDG -- SIM0 [SMARTWIFI]: isProfiling, hash=140346209, started=true
02-24 19:17:45.141  2829  2829 I EPDG -- SIM0 [SMARTWIFI]: isProfiling, hash=140346209, started=true
02-24 19:17:45.143  2829  2829 I EPDG -- SIM0 [SMARTWIFI]: Rssi : -43 highrange : -75 lowrange : -85 mIsRssiInHystersis : false
02-24 19:17:45.143  2829  2829 I EPDG -- SIM0 [SMARTWIFI]: Rssi : -43 highrange : -75 lowrange : -85 mIsRssiInHystersis : false
02-24 19:17:45.143  2829  2829 I EPDG -- SIM0 [SMARTWIFI]: getHandoverThresholdMet: value is: false
02-24 19:17:45.144  1859  2467 I SemWifiLinkQualityMonitor: Link stat: 1640 / 216 / 1,36 (1384) / 720 / -43.0 || 100.0 : 720,00 / 0.5 : 0,74 / 0.55 : 0,13 / G (G) || 837e14645180: 0,094 / 85,077 / N || N N / 0 0 / Y 2.0 / Y X 0 / 302228414 0 || Invalid
02-24 19:17:45.205  1494  1647 I EDEN    : [Exynos][EDEN][v1.6.23][SERVICE] processAliveMointorMain:253: Try to check pid=(1444)...
02-24 19:17:45.547  1859  2516 D NetdEventListenerService: DNS Requested by 237, 10667(com.alertakimobile), SUCCESS, 1ms
02-24 19:17:45.649  1503  1532 E HeatmapThread: ECT Thread time in milliseconds: 1771971465
02-24 19:17:45.649  1503  1532 D HeatmapThread: !@ batteryplugType : 0
02-24 19:17:45.649  1503  1532 D HeatmapThread: !@ batteryLevel : 0  batteryTemperature : 0 
02-24 19:17:45.649  1503  1532 D HeatmapThread: !@ Heatmap currtime: 29532857
02-24 19:17:45.649  1503  1532 D HeatmapThread: !@ Heatmap prevtime: 29532836
02-24 19:17:45.649  1503  1532 D HeatmapThread: !@ Heatmap plugstarttime: 35791394
02-24 19:17:45.649  1503  1532 D HeatmapThread: !@ Heatmap prevv_dsoh_update_time: 29523661
02-24 19:17:45.650  1503  1532 E HeatmapThread: !@Could not open '/efs/FactoryApp/bsoh', errno = 13
02-24 19:17:45.650  1503  1532 E HeatmapThread: !@ CAM Could not access BSOH EFS
02-24 19:17:45.650  1503  1532 E HeatmapThread: !@ CAM New BSOH: 0
02-24 19:17:45.835 17096 17105 W System  : A resource failed to call ZipFile.close. 
02-24 19:17:45.836 17096 17105 W System  : A resource failed to call ZipFile.close. 
02-24 19:17:46.317   716   716 D io_stats: !@   8,0 r 100925525 2873049216 w 18410993 275077868 d 5131826 274392976 f 0 0 iot 44596176 0 th 0 0 0 pt 0 inp 0 0 302229.588
02-24 19:17:46.600 17096 17105 W System  : A resource failed to call ZipFile.close. 
02-24 19:17:46.649  1503  1532 E HeatmapThread: ECT Thread time in milliseconds: 1771971466
02-24 19:17:46.649  1503  1532 D HeatmapThread: !@ batteryplugType : 0
02-24 19:17:46.649  1503  1532 D HeatmapThread: !@ batteryLevel : 0  batteryTemperature : 0 
02-24 19:17:46.649  1503  1532 D HeatmapThread: !@ Heatmap currtime: 29532857
02-24 19:17:46.649  1503  1532 D HeatmapThread: !@ Heatmap prevtime: 29532836
02-24 19:17:46.649  1503  1532 D HeatmapThread: !@ Heatmap plugstarttime: 35791394
02-24 19:17:46.649  1503  1532 D HeatmapThread: !@ Heatmap prevv_dsoh_update_time: 29523661
02-24 19:17:46.650  1503  1532 E HeatmapThread: !@Could not open '/efs/FactoryApp/bsoh', errno = 13
02-24 19:17:46.650  1503  1532 E HeatmapThread: !@ CAM Could not access BSOH EFS
02-24 19:17:46.650  1503  1532 E HeatmapThread: !@ CAM New BSOH: 0
02-24 19:17:46.739  1859  2379 D InetDiagMessage: Destroyed 0 sockets, proto=IPPROTO_TCP, family=AF_INET, states=14
02-24 19:17:46.741  1859  2379 D InetDiagMessage: Destroyed 0 sockets, proto=IPPROTO_TCP, family=AF_INET6, states=14
02-24 19:17:46.741  1859  2379 D InetDiagMessage: Destroyed live tcp sockets for uids={10247} in 6ms
02-24 19:17:46.743  1859  2379 D InetDiagMessage: Destroyed 0 sockets, proto=IPPROTO_TCP, family=AF_INET, states=14
02-24 19:17:46.745  1859  2379 D InetDiagMessage: Destroyed 0 sockets, proto=IPPROTO_TCP, family=AF_INET6, states=14
02-24 19:17:46.745  1859  2379 D InetDiagMessage: Destroyed live tcp sockets for uids={20247} in 3ms
02-24 19:17:46.971  2779 19910 D IpClient/wlan0: interfaceLinkStateChanged: ifindex 23 up
02-24 19:17:47.012  1859  2379 D InetDiagMessage: Destroyed 0 sockets, proto=IPPROTO_TCP, family=AF_INET, states=14
02-24 19:17:47.014  1859  2379 D InetDiagMessage: Destroyed 1 sockets, proto=IPPROTO_TCP, family=AF_INET6, states=14
02-24 19:17:47.014  1859  2379 D InetDiagMessage: Destroyed live tcp sockets for uids={10329} in 3ms
02-24 19:17:47.018  1859  2379 D InetDiagMessage: Destroyed 0 sockets, proto=IPPROTO_TCP, family=AF_INET, states=14
02-24 19:17:47.019  1859  2379 D InetDiagMessage: Destroyed 0 sockets, proto=IPPROTO_TCP, family=AF_INET6, states=14
02-24 19:17:47.019  1859  2379 D InetDiagMessage: Destroyed live tcp sockets for uids={20329} in 5ms
02-24 19:17:47.308 17096 17105 W System  : A resource failed to call ZipFile.close. 
02-24 19:17:47.309 17096 17105 W System  : A resource failed to call ZipFile.close. 
02-24 19:17:47.564  1859  2516 D NetdEventListenerService: DNS Requested by 237, 10667(com.alertakimobile), SUCCESS, 1ms
02-24 19:17:47.649  1503  1532 E HeatmapThread: ECT Thread time in milliseconds: 1771971467
02-24 19:17:47.649  1503  1532 D HeatmapThread: !@ batteryplugType : 0
02-24 19:17:47.649  1503  1532 D HeatmapThread: !@ batteryLevel : 0  batteryTemperature : 0 
02-24 19:17:47.649  1503  1532 D HeatmapThread: !@ Heatmap currtime: 29532857
02-24 19:17:47.649  1503  1532 D HeatmapThread: !@ Heatmap prevtime: 29532836
02-24 19:17:47.649  1503  1532 D HeatmapThread: !@ Heatmap plugstarttime: 35791394
02-24 19:17:47.649  1503  1532 D HeatmapThread: !@ Heatmap prevv_dsoh_update_time: 29523661
02-24 19:17:47.650  1503  1532 E HeatmapThread: !@Could not open '/efs/FactoryApp/bsoh', errno = 13
02-24 19:17:47.650  1503  1532 E HeatmapThread: !@ CAM Could not access BSOH EFS
02-24 19:17:47.650  1503  1532 E HeatmapThread: !@ CAM New BSOH: 0
02-24 19:17:48.048  1859  1972 I ActivityManager: Changes in 10055 5 to 15, 144 to 0
02-24 19:17:48.067 17096 17105 W System  : A resource failed to call ZipFile.close. 
02-24 19:17:48.170  1859  2368 D WifiStaIfaceHidlImpl: getCachedScanData is not implemented by HIDL
02-24 19:17:48.192  2829  2829 I EPDG -- SIM0 [SMARTWIFI]: isProfiling, hash=140346209, started=true
02-24 19:17:48.192  2829  2829 I EPDG -- SIM0 [SMARTWIFI]: isProfiling, hash=140346209, started=true
02-24 19:17:48.192  1859  4204 D SemWifiUsabilityStatsMonitor: onWifiUsabilityStats - seqNum 45958, isSameBssidAndFreq true
02-24 19:17:48.194  1859  2467 I SemWifiLinkQualityMonitor: Link stat: 2124 / 157 / 1,00 (33) / 720 / -46.0 || 100.0 : 720,00 / 0.5 : 1,00 / 0.55 : 0,07 / G (G) || 837e14645180: 0,089 / 90,031 / N || N N / 0 0 / Y 2.0 / Y X 0 / 302231463 0 || Invalid
02-24 19:17:48.197  2829  2829 I EPDG -- SIM0 [SMARTWIFI]: Rssi : -46 highrange : -75 lowrange : -85 mIsRssiInHystersis : false
02-24 19:17:48.197  2829  2829 I EPDG -- SIM0 [SMARTWIFI]: Rssi : -46 highrange : -75 lowrange : -85 mIsRssiInHystersis : false
02-24 19:17:48.198  2829  2829 I EPDG -- SIM0 [SMARTWIFI]: getHandoverThresholdMet: value is: false
02-24 19:17:48.318   716   716 D io_stats: !@   8,0 r 100925585 2873052164 w 18411005 275077904 d 5131826 274392976 f 0 0 iot 44596280 0 th 0 0 0 pt 0 inp 0 0 302231.589
02-24 19:17:48.319   716   716 D io_stats: !@ Read_top(KB): br.com.vivo(17096) 6868 system_server(1859) 136 android.vending(14070) 96
02-24 19:17:48.319   716   716 D io_stats: !@ Write_top(KB): kworker/u16:0(26921) 60 system_server(1859) 24 soft.appmanager(11938) 24
02-24 19:17:48.649  1503  1532 E HeatmapThread: ECT Thread time in milliseconds: 1771971468
02-24 19:17:48.649  1503  1532 D HeatmapThread: !@ batteryplugType : 0
02-24 19:17:48.649  1503  1532 D HeatmapThread: !@ batteryLevel : 0  batteryTemperature : 0 
02-24 19:17:48.649  1503  1532 D HeatmapThread: !@ Heatmap currtime: 29532857
02-24 19:17:48.649  1503  1532 D HeatmapThread: !@ Heatmap prevtime: 29532836
02-24 19:17:48.649  1503  1532 D HeatmapThread: !@ Heatmap plugstarttime: 35791394
02-24 19:17:48.649  1503  1532 D HeatmapThread: !@ Heatmap prevv_dsoh_update_time: 29523661
02-24 19:17:48.650  1503  1532 E HeatmapThread: !@Could not open '/efs/FactoryApp/bsoh', errno = 13
02-24 19:17:48.650  1503  1532 E HeatmapThread: !@ CAM Could not access BSOH EFS
02-24 19:17:48.650  1503  1532 E HeatmapThread: !@ CAM New BSOH: 0
02-24 19:17:48.824 17096 17105 W System  : A resource failed to call ZipFile.close. 
02-24 19:17:48.824 17096 17105 W System  : A resource failed to call ZipFile.close. 
02-24 19:17:49.465 17096 17105 W System  : A resource failed to call ZipFile.close. 
02-24 19:17:49.579  1859  2516 D NetdEventListenerService: DNS Requested by 237, 10667(com.alertakimobile), SUCCESS, 1ms
02-24 19:17:49.649  1503  1532 E HeatmapThread: ECT Thread time in milliseconds: 1771971469
02-24 19:17:49.649  1503  1532 D HeatmapThread: !@ batteryplugType : 0
02-24 19:17:49.649  1503  1532 D HeatmapThread: !@ batteryLevel : 0  batteryTemperature : 0 
02-24 19:17:49.649  1503  1532 D HeatmapThread: !@ Heatmap currtime: 29532857
02-24 19:17:49.649  1503  1532 D HeatmapThread: !@ Heatmap prevtime: 29532836
02-24 19:17:49.649  1503  1532 D HeatmapThread: !@ Heatmap plugstarttime: 35791394
02-24 19:17:49.649  1503  1532 D HeatmapThread: !@ Heatmap prevv_dsoh_update_time: 29523661
02-24 19:17:49.649  1503  1532 E HeatmapThread: !@Could not open '/efs/FactoryApp/bsoh', errno = 13
02-24 19:17:49.650  1503  1532 E HeatmapThread: !@ CAM Could not access BSOH EFS
02-24 19:17:49.650  1503  1532 E HeatmapThread: !@ CAM New BSOH: 0
02-24 19:17:49.842  4655  5559 I SDHMS:x : SIOP:: AP:399 BAT:380 USB:364 CHG:381 PA:404 CP:395 WIFI:403 CF:390 BLK:0 SUBBAT:0 SKIN:382 SKINF:371 SKINB:381 LRP:381 LRP2:382 LRF:371 LRB:381 LRF2:373 LRB2:382 AP2:382 CHG2:377 WIFI2:376 RCV2:373 SPK2:356 FCAM:365 UPSPK:391 DNSPK:366 VAP:402 AVGCUR:-13 AVGSYS:385 POWER:-56
02-24 19:17:49.904 19907 19907 I wpa_supplicant: Heartbeat 899
